ERC report (2025-08-21T13:37:40+0200, Encoding UTF8)

***** Sheet /
[unconnected_wire_endpoint]: Unconnected wire endpoint
    ; warning
    @(124.46 mm, 100.33 mm): Horizontal Wire, length 12.70 mm
[unconnected_wire_endpoint]: Unconnected wire endpoint
    ; warning
    @(124.46 mm, 102.87 mm): Horizontal Wire, length 12.70 mm
[unconnected_wire_endpoint]: Unconnected wire endpoint
    ; warning
    @(124.46 mm, 125.73 mm): Horizontal Wire, length 12.70 mm
[unconnected_wire_endpoint]: Unconnected wire endpoint
    ; warning
    @(124.46 mm, 128.27 mm): Horizontal Wire, length 12.70 mm
[lib_symbol_issues]: The symbol library 'Library' was not found at 'C:\Users\fnk\Documents\KiCad\Projects\methanesense\CAD\Methanesense/lib/Library.kicad_sym'.
    ; warning
    @(109.22 mm, 96.52 mm): Symbol C38 [C]
[lib_symbol_mismatch]: Symbol 'GND' doesn't match copy in library 'power'
    ; warning
    @(109.22 mm, 100.33 mm): Symbol #PWR0113 [GND]
[lib_symbol_issues]: The symbol library 'Library' was not found at 'C:\Users\fnk\Documents\KiCad\Projects\methanesense\CAD\Methanesense/lib/Library.kicad_sym'.
    ; warning
    @(119.38 mm, 96.52 mm): Symbol C39 [C]
[lib_symbol_mismatch]: Symbol 'GND' doesn't match copy in library 'power'
    ; warning
    @(119.38 mm, 100.33 mm): Symbol #PWR0115 [GND]
[lib_symbol_mismatch]: Symbol 'GND' doesn't match copy in library 'power'
    ; warning
    @(147.32 mm, 113.03 mm): Symbol #PWR0108 [GND]
[lib_symbol_mismatch]: Symbol 'GND' doesn't match copy in library 'power'
    ; warning
    @(165.10 mm, 90.17 mm): Symbol #PWR0111 [GND]
[lib_symbol_mismatch]: Symbol 'GND' doesn't match copy in library 'power'
    ; warning
    @(152.40 mm, 113.03 mm): Symbol #PWR0109 [GND]
[lib_symbol_mismatch]: Symbol 'GND' doesn't match copy in library 'power'
    ; warning
    @(27.94 mm, 67.31 mm): Symbol #PWR06 [GND]
[lib_symbol_mismatch]: Symbol 'GND' doesn't match copy in library 'power'
    ; warning
    @(38.10 mm, 62.23 mm): Symbol #PWR011 [GND]
[lib_symbol_mismatch]: Symbol 'GND' doesn't match copy in library 'power'
    ; warning
    @(54.61 mm, 57.15 mm): Symbol #PWR0121 [GND]
[lib_symbol_issues]: The symbol library 'Library' was not found at 'C:\Users\fnk\Documents\KiCad\Projects\methanesense\CAD\Methanesense/lib/Library.kicad_sym'.
    ; warning
    @(52.07 mm, 77.47 mm): Symbol R7 [R]
[lib_symbol_mismatch]: Symbol 'GND' doesn't match copy in library 'power'
    ; warning
    @(74.93 mm, 64.77 mm): Symbol #PWR014 [GND]
[lib_symbol_issues]: The symbol library 'Library' was not found at 'C:\Users\fnk\Documents\KiCad\Projects\methanesense\CAD\Methanesense/lib/Library.kicad_sym'.
    ; warning
    @(52.07 mm, 85.09 mm): Symbol R8 [R]
[lib_symbol_mismatch]: Symbol 'GND' doesn't match copy in library 'power'
    ; warning
    @(52.07 mm, 88.90 mm): Symbol #PWR031 [GND]
[lib_symbol_mismatch]: Symbol 'GND' doesn't match copy in library 'power'
    ; warning
    @(59.69 mm, 88.90 mm): Symbol #PWR086 [GND]
[lib_symbol_issues]: The symbol library 'Library' was not found at 'C:\Users\fnk\Documents\KiCad\Projects\methanesense\CAD\Methanesense/lib/Library.kicad_sym'.
    ; warning
    @(81.28 mm, 76.20 mm): Symbol R34 [R]
[lib_symbol_mismatch]: Symbol 'GND' doesn't match copy in library 'power'
    ; warning
    @(93.98 mm, 62.23 mm): Symbol #PWR017 [GND]
[lib_symbol_issues]: The symbol library 'Library' was not found at 'C:\Users\fnk\Documents\KiCad\Projects\methanesense\CAD\Methanesense/lib/Library.kicad_sym'.
    ; warning
    @(41.91 mm, 106.68 mm): Symbol R23 [R]
[lib_symbol_issues]: The symbol library 'Library' was not found at 'C:\Users\fnk\Documents\KiCad\Projects\methanesense\CAD\Methanesense/lib/Library.kicad_sym'.
    ; warning
    @(81.28 mm, 81.28 mm): Symbol R26 [R]
[lib_symbol_issues]: The symbol library 'Library' was not found at 'C:\Users\fnk\Documents\KiCad\Projects\methanesense\CAD\Methanesense/lib/Library.kicad_sym'.
    ; warning
    @(81.28 mm, 86.36 mm): Symbol R27 [R]
[lib_symbol_issues]: The symbol library 'Library' was not found at 'C:\Users\fnk\Documents\KiCad\Projects\methanesense\CAD\Methanesense/lib/Library.kicad_sym'.
    ; warning
    @(41.91 mm, 114.30 mm): Symbol R4 [R]
[lib_symbol_issues]: The symbol library 'Library' was not found at 'C:\Users\fnk\Documents\KiCad\Projects\methanesense\CAD\Methanesense/lib/Library.kicad_sym'.
    ; warning
    @(81.28 mm, 91.44 mm): Symbol R28 [R]
[lib_symbol_issues]: The symbol library 'Library' was not found at 'C:\Users\fnk\Documents\KiCad\Projects\methanesense\CAD\Methanesense/lib/Library.kicad_sym'.
    ; warning
    @(106.68 mm, 64.77 mm): Symbol R13 [R]
[lib_symbol_mismatch]: Symbol 'GND' doesn't match copy in library 'power'
    ; warning
    @(41.91 mm, 118.11 mm): Symbol #PWR028 [GND]
[lib_symbol_mismatch]: Symbol 'GND' doesn't match copy in library 'power'
    ; warning
    @(49.53 mm, 118.11 mm): Symbol #PWR022 [GND]
[lib_symbol_issues]: The symbol library 'Library' was not found at 'C:\Users\fnk\Documents\KiCad\Projects\methanesense\CAD\Methanesense/lib/Library.kicad_sym'.
    ; warning
    @(66.04 mm, 110.49 mm): Symbol R30 [R]
[lib_symbol_issues]: The symbol library 'Library' was not found at 'C:\Users\fnk\Documents\KiCad\Projects\methanesense\CAD\Methanesense/lib/Library.kicad_sym'.
    ; warning
    @(106.68 mm, 73.66 mm): Symbol R14 [R]
[lib_symbol_mismatch]: Symbol 'GND' doesn't match copy in library 'power'
    ; warning
    @(113.03 mm, 63.50 mm): Symbol #PWR015 [GND]
[lib_symbol_mismatch]: Symbol 'GND' doesn't match copy in library 'power'
    ; warning
    @(96.52 mm, 88.90 mm): Symbol #PWR0114 [GND]
[lib_symbol_mismatch]: Symbol 'GND' doesn't match copy in library 'power'
    ; warning
    @(106.68 mm, 77.47 mm): Symbol #PWR019 [GND]
[lib_symbol_issues]: The symbol library 'Library' was not found at 'C:\Users\fnk\Documents\KiCad\Projects\methanesense\CAD\Methanesense/lib/Library.kicad_sym'.
    ; warning
    @(66.04 mm, 115.57 mm): Symbol R21 [R]
[lib_symbol_issues]: The symbol library 'Library' was not found at 'C:\Users\fnk\Documents\KiCad\Projects\methanesense\CAD\Methanesense/lib/Library.kicad_sym'.
    ; warning
    @(66.04 mm, 120.65 mm): Symbol R22 [R]
[lib_symbol_issues]: The symbol library 'Library' was not found at 'C:\Users\fnk\Documents\KiCad\Projects\methanesense\CAD\Methanesense/lib/Library.kicad_sym'.
    ; warning
    @(134.62 mm, 50.80 mm): Symbol R37 [R]
[lib_symbol_issues]: The symbol library 'Library' was not found at 'C:\Users\fnk\Documents\KiCad\Projects\methanesense\CAD\Methanesense/lib/Library.kicad_sym'.
    ; warning
    @(134.62 mm, 62.23 mm): Symbol R15 [R]
[lib_symbol_issues]: The symbol library 'Library' was not found at 'C:\Users\fnk\Documents\KiCad\Projects\methanesense\CAD\Methanesense/lib/Library.kicad_sym'.
    ; warning
    @(134.62 mm, 71.12 mm): Symbol R16 [R]
[lib_symbol_mismatch]: Symbol 'GND' doesn't match copy in library 'power'
    ; warning
    @(134.62 mm, 74.93 mm): Symbol #PWR020 [GND]
[lib_symbol_mismatch]: Symbol 'GND' doesn't match copy in library 'power'
    ; warning
    @(44.45 mm, 175.26 mm): Symbol #PWR043 [GND]
[lib_symbol_mismatch]: Symbol 'LED' doesn't match copy in library 'Device'
    ; warning
    @(161.29 mm, 86.36 mm): Symbol D9 [LED]
[lib_symbol_mismatch]: Symbol 'LED' doesn't match copy in library 'Device'
    ; warning
    @(161.29 mm, 88.90 mm): Symbol D10 [LED]
[lib_symbol_mismatch]: Symbol 'LED' doesn't match copy in library 'Device'
    ; warning
    @(161.29 mm, 91.44 mm): Symbol D11 [LED]
[label_dangling]: Label not connected to anything
    ; error
    @(171.45 mm, 78.74 mm): Label 'CC1'
[label_dangling]: Label not connected to anything
    ; error
    @(171.45 mm, 81.28 mm): Label 'CC2'
[lib_symbol_issues]: The symbol library 'Library' was not found at 'C:\Users\fnk\Documents\KiCad\Projects\methanesense\CAD\Methanesense/lib/Library.kicad_sym'.
    ; warning
    @(182.88 mm, 52.07 mm): Symbol C16 [C]
[lib_symbol_mismatch]: Symbol 'GND' doesn't match copy in library 'power'
    ; warning
    @(182.88 mm, 55.88 mm): Symbol #PWR0107 [GND]
[lib_symbol_mismatch]: Symbol 'GND' doesn't match copy in library 'power'
    ; warning
    @(151.13 mm, 127.00 mm): Symbol #PWR025 [GND]
[lib_symbol_mismatch]: Symbol 'GND' doesn't match copy in library 'power'
    ; warning
    @(157.48 mm, 119.38 mm): Symbol #PWR0102 [GND]
[lib_symbol_issues]: The symbol library 'Library' was not found at 'C:\Users\fnk\Documents\KiCad\Projects\methanesense\CAD\Methanesense/lib/Library.kicad_sym'.
    ; warning
    @(161.29 mm, 119.38 mm): Symbol R1 [R]
[lib_symbol_mismatch]: Symbol 'GND' doesn't match copy in library 'power'
    ; warning
    @(201.93 mm, 55.88 mm): Symbol #PWR0106 [GND]
[lib_symbol_mismatch]: Symbol 'GND' doesn't match copy in library 'power'
    ; warning
    @(171.45 mm, 121.92 mm): Symbol #PWR0103 [GND]
[lib_symbol_issues]: The symbol library 'Library' was not found at 'C:\Users\fnk\Documents\KiCad\Projects\methanesense\CAD\Methanesense/lib/Library.kicad_sym'.
    ; warning
    @(219.71 mm, 52.07 mm): Symbol C12 [C]
[lib_symbol_mismatch]: Symbol 'GND' doesn't match copy in library 'power'
    ; warning
    @(219.71 mm, 55.88 mm): Symbol #PWR040 [GND]
[lib_symbol_mismatch]: Symbol 'nPM1300-QEXX' doesn't match copy in library 'PCM_nordic-lib-kicad-npm'
    ; warning
    @(204.47 mm, 99.06 mm): Symbol U3 [nPM1300-QEXX]
[lib_symbol_issues]: The symbol library 'Library' was not found at 'C:\Users\fnk\Documents\KiCad\Projects\methanesense\CAD\Methanesense/lib/Library.kicad_sym'.
    ; warning
    @(227.33 mm, 52.07 mm): Symbol C37 [C]
[lib_symbol_mismatch]: Symbol 'GND' doesn't match copy in library 'power'
    ; warning
    @(227.33 mm, 55.88 mm): Symbol #PWR034 [GND]
[lib_symbol_issues]: The symbol library 'Library' was not found at 'C:\Users\fnk\Documents\KiCad\Projects\methanesense\CAD\Methanesense/lib/Library.kicad_sym'.
    ; warning
    @(240.03 mm, 52.07 mm): Symbol C11 [C]
[lib_symbol_mismatch]: Symbol 'GND' doesn't match copy in library 'power'
    ; warning
    @(204.47 mm, 137.16 mm): Symbol #PWR026 [GND]
[lib_symbol_mismatch]: Symbol 'GND' doesn't match copy in library 'power'
    ; warning
    @(240.03 mm, 55.88 mm): Symbol #PWR033 [GND]
[lib_symbol_mismatch]: Symbol 'GND' doesn't match copy in library 'power'
    ; warning
    @(237.49 mm, 101.60 mm): Symbol #PWR097 [GND]
[lib_symbol_mismatch]: Symbol 'GND' doesn't match copy in library 'power'
    ; warning
    @(237.49 mm, 109.22 mm): Symbol #PWR048 [GND]
[lib_symbol_issues]: The symbol library 'Library' was not found at 'C:\Users\fnk\Documents\KiCad\Projects\methanesense\CAD\Methanesense/lib/Library.kicad_sym'.
    ; warning
    @(256.54 mm, 82.55 mm): Symbol C10 [C]
[lib_symbol_mismatch]: Symbol 'GND' doesn't match copy in library 'power'
    ; warning
    @(256.54 mm, 88.90 mm): Symbol #PWR094 [GND]
[lib_symbol_mismatch]: Symbol 'GND' doesn't match copy in library 'power'
    ; warning
    @(259.08 mm, 97.79 mm): Symbol #PWR045 [GND]
[lib_symbol_mismatch]: Symbol 'GND' doesn't match copy in library 'power'
    ; warning
    @(267.97 mm, 77.47 mm): Symbol #PWR0116 [GND]
[lib_symbol_mismatch]: Symbol 'GND' doesn't match copy in library 'power'
    ; warning
    @(264.16 mm, 97.79 mm): Symbol #PWR046 [GND]
[lib_symbol_mismatch]: Symbol 'GND' doesn't match copy in library 'power'
    ; warning
    @(252.73 mm, 127.00 mm): Symbol #PWR0101 [GND]
[lib_symbol_issues]: Symbol 'DMG9926USD' not found in symbol library 'Transistor_FET'
    ; warning
    @(57.15 mm, 109.22 mm): Symbol Q1 [DMG9926USD]
[lib_symbol_issues]: The symbol library 'Library' was not found at 'C:\Users\fnk\Documents\KiCad\Projects\methanesense\CAD\Methanesense/lib/Library.kicad_sym'.
    ; warning
    @(50.80 mm, 113.03 mm): Symbol R10 [R]
[lib_symbol_issues]: The symbol library 'Library' was not found at 'C:\Users\fnk\Documents\KiCad\Projects\methanesense\CAD\Methanesense/lib/Library.kicad_sym'.
    ; warning
    @(85.09 mm, 97.79 mm): Symbol R9 [R]
[lib_symbol_mismatch]: Symbol 'GND' doesn't match copy in library 'power'
    ; warning
    @(59.69 mm, 118.11 mm): Symbol #PWR037 [GND]
[lib_symbol_issues]: The symbol library 'Library' was not found at 'C:\Users\fnk\Documents\KiCad\Projects\methanesense\CAD\Methanesense/lib/Library.kicad_sym'.
    ; warning
    @(76.20 mm, 113.03 mm): Symbol R11 [R]
[lib_symbol_issues]: Symbol 'DMG9926USD' not found in symbol library 'Transistor_FET'
    ; warning
    @(82.55 mm, 109.22 mm): Symbol Q1 [DMG9926USD]
[lib_symbol_mismatch]: Symbol 'GND' doesn't match copy in library 'power'
    ; warning
    @(111.76 mm, 92.71 mm): Symbol #PWR0117 [GND]
[lib_symbol_mismatch]: Symbol 'GND' doesn't match copy in library 'power'
    ; warning
    @(85.09 mm, 118.11 mm): Symbol #PWR038 [GND]
[lib_symbol_issues]: The symbol library 'Library' was not found at 'C:\Users\fnk\Documents\KiCad\Projects\methanesense\CAD\Methanesense/lib/Library.kicad_sym'.
    ; warning
    @(167.64 mm, 73.66 mm): Symbol R2 [R]
[lib_symbol_issues]: The symbol library 'Library' was not found at 'C:\Users\fnk\Documents\KiCad\Projects\methanesense\CAD\Methanesense/lib/Library.kicad_sym'.
    ; warning
    @(167.64 mm, 81.28 mm): Symbol R3 [R]
[lib_symbol_mismatch]: Symbol 'GND' doesn't match copy in library 'power'
    ; warning
    @(176.53 mm, 66.04 mm): Symbol #PWR01 [GND]
[lib_symbol_issues]: The symbol library 'Library' was not found at 'C:\Users\fnk\Documents\KiCad\Projects\methanesense\CAD\Methanesense/lib/Library.kicad_sym'.
    ; warning
    @(176.53 mm, 69.85 mm): Symbol C13 [C]
[lib_symbol_issues]: The symbol library 'Library' was not found at 'C:\Users\fnk\Documents\KiCad\Projects\methanesense\CAD\Methanesense/lib/Library.kicad_sym'.
    ; warning
    @(176.53 mm, 85.09 mm): Symbol C14 [C]
[lib_symbol_mismatch]: Symbol 'GND' doesn't match copy in library 'power'
    ; warning
    @(176.53 mm, 88.90 mm): Symbol #PWR05 [GND]
[lib_symbol_issues]: The symbol library 'Library' was not found at 'C:\Users\fnk\Documents\KiCad\Projects\methanesense\CAD\Methanesense/lib/Library.kicad_sym'.
    ; warning
    @(167.64 mm, 107.95 mm): Symbol R5 [R]
[lib_symbol_mismatch]: Symbol 'GND' doesn't match copy in library 'power'
    ; warning
    @(176.53 mm, 100.33 mm): Symbol #PWR02 [GND]
[lib_symbol_issues]: The symbol library 'Library' was not found at 'C:\Users\fnk\Documents\KiCad\Projects\methanesense\CAD\Methanesense/lib/Library.kicad_sym'.
    ; warning
    @(187.96 mm, 77.47 mm): Symbol C17 [C]
[lib_symbol_issues]: The symbol library 'Library' was not found at 'C:\Users\fnk\Documents\KiCad\Projects\methanesense\CAD\Methanesense/lib/Library.kicad_sym'.
    ; warning
    @(167.64 mm, 115.57 mm): Symbol R12 [R]
[lib_symbol_issues]: The symbol library 'Library' was not found at 'C:\Users\fnk\Documents\KiCad\Projects\methanesense\CAD\Methanesense/lib/Library.kicad_sym'.
    ; warning
    @(176.53 mm, 104.14 mm): Symbol C1 [C]
[lib_symbol_issues]: The symbol library 'Library' was not found at 'C:\Users\fnk\Documents\KiCad\Projects\methanesense\CAD\Methanesense/lib/Library.kicad_sym'.
    ; warning
    @(176.53 mm, 119.38 mm): Symbol C2 [C]
[lib_symbol_mismatch]: Symbol 'GND' doesn't match copy in library 'power'
    ; warning
    @(176.53 mm, 123.19 mm): Symbol #PWR04 [GND]
[lib_symbol_mismatch]: Symbol 'GND' doesn't match copy in library 'power'
    ; warning
    @(217.17 mm, 99.06 mm): Symbol #PWR018 [GND]
[lib_symbol_mismatch]: Symbol 'GND' doesn't match copy in library 'power'
    ; warning
    @(228.60 mm, 93.98 mm): Symbol #PWR012 [GND]
[lib_symbol_issues]: The symbol library 'Library' was not found at 'C:\Users\fnk\Documents\KiCad\Projects\methanesense\CAD\Methanesense/lib/Library.kicad_sym'.
    ; warning
    @(227.33 mm, 118.11 mm): Symbol C20 [C]
[lib_symbol_mismatch]: Symbol 'GND' doesn't match copy in library 'power'
    ; warning
    @(227.33 mm, 121.92 mm): Symbol #PWR036 [GND]
[global_label_dangling]: Global label not connected anywhere else in the schematic
    ; warning
    @(99.06 mm, 52.07 mm): Global Label 'P0.02'
[global_label_dangling]: Global label not connected anywhere else in the schematic
    ; warning
    @(99.06 mm, 54.61 mm): Global Label 'P0.03'
[global_label_dangling]: Global label not connected anywhere else in the schematic
    ; warning
    @(99.06 mm, 64.77 mm): Global Label 'P0.07'
[global_label_dangling]: Global label not connected anywhere else in the schematic
    ; warning
    @(99.06 mm, 80.01 mm): Global Label 'P0.13/AIN0'
[global_label_dangling]: Global label not connected anywhere else in the schematic
    ; warning
    @(99.06 mm, 97.79 mm): Global Label 'P0.20/AIN7'
[global_label_dangling]: Global label not connected anywhere else in the schematic
    ; warning
    @(99.06 mm, 110.49 mm): Global Label 'P0.30'
[lib_symbol_issues]: The current configuration does not include the symbol library '693043020611'
    ; warning
    @(46.99 mm, 142.24 mm): Symbol J3 [693043020611]
[lib_symbol_issues]: The symbol library 'Library' was not found at 'C:\Users\fnk\Documents\KiCad\Projects\methanesense\CAD\Methanesense/lib/Library.kicad_sym'.
    ; warning
    @(67.31 mm, 139.70 mm): Symbol R18 [R]
[lib_symbol_issues]: The symbol library 'Library' was not found at 'C:\Users\fnk\Documents\KiCad\Projects\methanesense\CAD\Methanesense/lib/Library.kicad_sym'.
    ; warning
    @(67.31 mm, 142.24 mm): Symbol R19 [R]
[lib_symbol_issues]: The symbol library 'Library' was not found at 'C:\Users\fnk\Documents\KiCad\Projects\methanesense\CAD\Methanesense/lib/Library.kicad_sym'.
    ; warning
    @(67.31 mm, 149.86 mm): Symbol R20 [R]
[lib_symbol_mismatch]: Symbol 'nRF9160-SIXX' doesn't match copy in library 'PCM_nordic-lib-kicad-nrf9'
    ; warning
    @(132.08 mm, 97.79 mm): Symbol U5 [nRF9160-SIXX]
[lib_symbol_issues]: The symbol library 'Library' was not found at 'C:\Users\fnk\Documents\KiCad\Projects\methanesense\CAD\Methanesense/lib/Library.kicad_sym'.
    ; warning
    @(187.96 mm, 36.83 mm): Symbol R25 [R]
[lib_symbol_issues]: Symbol 'DMG9926USD' not found in symbol library 'Transistor_FET'
    ; warning
    @(193.04 mm, 33.02 mm): Symbol Q2 [DMG9926USD]
[lib_symbol_issues]: The symbol library 'Library' was not found at 'C:\Users\fnk\Documents\KiCad\Projects\methanesense\CAD\Methanesense/lib/Library.kicad_sym'.
    ; warning
    @(210.82 mm, 36.83 mm): Symbol R24 [R]
[lib_symbol_issues]: The symbol library 'Library' was not found at 'C:\Users\fnk\Documents\KiCad\Projects\methanesense\CAD\Methanesense/lib/Library.kicad_sym'.
    ; warning
    @(207.01 mm, 59.69 mm): Symbol R6 [R]
[lib_symbol_issues]: Symbol 'DMG9926USD' not found in symbol library 'Transistor_FET'
    ; warning
    @(215.90 mm, 33.02 mm): Symbol Q2 [DMG9926USD]
[lib_symbol_issues]: The symbol library 'Library' was not found at 'C:\Users\fnk\Documents\KiCad\Projects\methanesense\CAD\Methanesense/lib/Library.kicad_sym'.
    ; warning
    @(214.63 mm, 63.50 mm): Symbol R31 [R]
[lib_symbol_issues]: The symbol library 'Library' was not found at 'C:\Users\fnk\Documents\KiCad\Projects\methanesense\CAD\Methanesense/lib/Library.kicad_sym'.
    ; warning
    @(220.98 mm, 59.69 mm): Symbol R33 [R]
[lib_symbol_issues]: The symbol library 'Library' was not found at 'C:\Users\fnk\Documents\KiCad\Projects\methanesense\CAD\Methanesense/lib/Library.kicad_sym'.
    ; warning
    @(207.01 mm, 99.06 mm): Symbol R17 [R]
[lib_symbol_issues]: The symbol library 'Library' was not found at 'C:\Users\fnk\Documents\KiCad\Projects\methanesense\CAD\Methanesense/lib/Library.kicad_sym'.
    ; warning
    @(226.06 mm, 63.50 mm): Symbol R32 [R]
[lib_symbol_issues]: The symbol library 'Library' was not found at 'C:\Users\fnk\Documents\KiCad\Projects\methanesense\CAD\Methanesense/lib/Library.kicad_sym'.
    ; warning
    @(254.00 mm, 38.10 mm): Symbol R29 [R]
[lib_symbol_mismatch]: Symbol 'LED' doesn't match copy in library 'Device'
    ; warning
    @(264.16 mm, 38.10 mm): Symbol D7 [LED]

***** Sheet /nrf9160/
[multiple_net_names]: Both P0.28 and SDA are attached to the same items; P0.28 will be used in the netlist
    ; warning
    @(33.02 mm, 27.94 mm): Global Label 'P0.28'
    @(33.02 mm, 27.94 mm): Hierarchical Label 'SDA'
[multiple_net_names]: Both P0.29 and SCL are attached to the same items; P0.29 will be used in the netlist
    ; warning
    @(99.06 mm, 107.95 mm): Global Label 'P0.29'
    @(33.02 mm, 30.48 mm): Hierarchical Label 'SCL'
[multiple_net_names]: Both P0.26 and ADC_DRDY are attached to the same items; P0.26 will be used in the netlist
    ; warning
    @(99.06 mm, 100.33 mm): Global Label 'P0.26'
    @(33.02 mm, 33.02 mm): Hierarchical Label 'ADC_DRDY'
[multiple_net_names]: Both P0.16{slash}AIN3 and AIO1 are attached to the same items; P0.16{slash}AIN3 will be used in the netlist
    ; warning
    @(33.02 mm, 39.37 mm): Global Label 'P0.16/AIN3'
    @(33.02 mm, 39.37 mm): Hierarchical Label 'AIO1'
[multiple_net_names]: Both P0.15{slash}AIN2 and AIO2 are attached to the same items; P0.15{slash}AIN2 will be used in the netlist
    ; warning
    @(33.02 mm, 41.91 mm): Global Label 'P0.15/AIN2'
    @(33.02 mm, 41.91 mm): Hierarchical Label 'AIO2'
[multiple_net_names]: Both P0.11 and IRQ0 are attached to the same items; P0.11 will be used in the netlist
    ; warning
    @(99.06 mm, 74.93 mm): Global Label 'P0.11'
    @(33.02 mm, 44.45 mm): Hierarchical Label 'IRQ0'
[multiple_net_names]: Both P0.12 and IRQ1 are attached to the same items; P0.12 will be used in the netlist
    ; warning
    @(99.06 mm, 77.47 mm): Global Label 'P0.12'
    @(33.02 mm, 46.99 mm): Hierarchical Label 'IRQ1'
[multiple_net_names]: Both P0.05 and USB_DET are attached to the same items; P0.05 will be used in the netlist
    ; warning
    @(33.02 mm, 53.34 mm): Global Label 'P0.05'
    @(33.02 mm, 53.34 mm): Hierarchical Label 'USB_DET'
[multiple_net_names]: Both P0.31 and Heater are attached to the same items; P0.31 will be used in the netlist
    ; warning
    @(99.06 mm, 113.03 mm): Global Label 'P0.31'
    @(33.02 mm, 57.15 mm): Hierarchical Label 'Heater'
[multiple_net_names]: Both P0.27 and Sensor are attached to the same items; P0.27 will be used in the netlist
    ; warning
    @(99.06 mm, 102.87 mm): Global Label 'P0.27'
    @(33.02 mm, 59.69 mm): Hierarchical Label 'Sensor'
[power_pin_not_driven]: Input Power pin not driven by any Output Power pins
    ; error
    @(59.69 mm, 137.16 mm): Symbol #PWR044 Pin 1 [Power input, Line]
[multiple_net_names]: Both VCC and VSYS are attached to the same items; VCC will be used in the netlist
    ; warning
    @(184.15 mm, 90.17 mm): Symbol #PWR049 Pin 1 [Power input, Line]
    @(156.21 mm, 13.97 mm): Symbol #PWR052 Pin 1 [Power input, Line]
[pin_not_connected]: Pin not connected
    ; error
    @(99.06 mm, 143.51 mm): Symbol U5 Pin 45 [SIM_DET, Bidirectional, Line]
[pin_not_connected]: Pin not connected
    ; error
    @(38.10 mm, 175.26 mm): Symbol U8 Pin 6 [I/O4, Passive, Line]
[pin_to_pin]: Pins of type Unspecified and Passive are connected
    ; warning
    @(165.10 mm, 115.57 mm): Symbol U5 Pin 43 [SIM_RST, Unspecified, Line]
    @(71.12 mm, 139.70 mm): Symbol R18 Pin 2 [Passive, Line]
[multiple_net_names]: Both +2V0 and VDD are attached to the same items; +2V0 will be used in the netlist
    ; warning
    @(156.21 mm, 16.51 mm): Symbol #PWR071 Pin 1 [Power input, Line]
    @(148.59 mm, 181.61 mm): Symbol #PWR023 Pin 1 [Power input, Line]
[same_local_global_label]: Local and global labels have same name
    ; warning
    @(208.28 mm, 127.00 mm): Global Label 'SWO'
    @(99.06 mm, 46.99 mm): Label 'SWO'
[power_pin_not_driven]: Input Power pin not driven by any Output Power pins
    ; error
    @(246.38 mm, 64.77 mm): Symbol #PWR03 Pin 1 [Power input, Line]

***** Sheet /POWER/
[power_pin_not_driven]: Input Power pin not driven by any Output Power pins
    ; error
    @(55.88 mm, 49.53 mm): Symbol #PWR0119 Pin 1 [Power input, Line]
[power_pin_not_driven]: Input Power pin not driven by any Output Power pins
    ; error
    @(189.23 mm, 45.72 mm): Symbol #PWR08 Pin 1 [Power input, Line]
[power_pin_not_driven]: Input Power pin not driven by any Output Power pins
    ; error
    @(196.85 mm, 46.99 mm): Symbol #PWR09 Pin 1 [Power input, Line]
[pin_to_pin]: Pins of type Power output and Power output are connected
    ; error
    @(217.17 mm, 60.96 mm): Symbol U3 Pin 20 [VSYS, Power output, Line]
    @(237.49 mm, 93.98 mm): Symbol U3 Pin 32 [VOUT2, Power output, Line]
[multiple_net_names]: Both GND and PVSS1 are attached to the same items; GND will be used in the netlist
    ; warning
    @(52.07 mm, 88.90 mm): Symbol #PWR031 Hidden pin 1 [GND, Power input, Line]
    @(259.08 mm, 97.79 mm): Symbol #PWR045 Hidden pin 1 [GND, Power input, Line]
[power_pin_not_driven]: Input Power pin not driven by any Output Power pins
    ; error
    @(255.27 mm, 116.84 mm): Symbol #PWR013 Pin 1 [Power input, Line]

***** Sheet /GAS_SENSOR/

***** Sheet /ENV_SENSOR/

 ** ERC messages: 140  Errors 11  Warnings 129
